
module main ();
parameter I1={1};
parameter __omit_DC1={1};
Eqn #() Eqn1 ();
Idc #(.I(I1)) I (.1(_net0),.2(0));
R #(.R(1)) R1 (.p(_net0),.n(0));
endmodule // main

