<Qucs Dataset 0.0.20>
<indep I1 2>
  +1.00000000000000002082e-02
  +2.00000000000000004163e-02
</indep>
<indep R1 3>
  +1.00000000000000000000e+01
  +2.00000000000000000000e+01
  +3.00000000000000000000e+01
</indep>
<dep _net0.V I1 R1>
  +9.99999999999999916733e-02
  +1.99999999999999983347e-01
  +1.99999999999999983347e-01
  +3.99999999999999966693e-01
  +2.99999999999999988898e-01
  +5.99999999999999977796e-01
</dep>
