default plugins: ignored
;: already installed, replacing
stashing as ;:0
*: already installed, replacing
stashing as *:0
': already installed, replacing
stashing as ':0
": already installed, replacing
stashing as ":0
L: already installed, replacing
stashing as L:0
Gnucap   System status
iterations: op=14, dc=0, tran=0, fourier=0, total=28
transient timesteps: accepted=0, rejected=0, total=0
nodes: user=2, subckt=0, model=0, total=2
dctran density=100.0%, ac density=100.0%

<Qucs Dataset>
<indep _net0.V 1>
-0.7146539
</indep>
<indep _net1.V 1>
-1.429308
</indep>
<indep Pr1.V 1>
-0.7146539
</indep>
