
Vac #(.Phase(0),.Theta(0),.U(1)) V1 (.1(_net0),.2(0));
R #(.R(50),.Tc1(0.0),.Tc2(0.0),.Temp(26.85),.Tnom(26.85)) R1 (.p(_net1),.n(_net0));
R #(.R(50),.Tc1(0.0),.Tc2(0.0),.Temp(26.85),.Tnom(26.85)) R2 (.p(_net1),.n(0));
