
module main ();
//# Qucs 0.0.18  /Users/guilherme/git/qucs-test/testsuite/DC_AC_gain_prj/gain.sch 
module singleOPV (_net4,_net0,_net9,_net3,_net7);
MOSFET #(.Ad(0.0),.Af(1.0),.As(0.0),.Cbd(0.0),.Cbs(0.0),.Cgbo(0.0),.Cgdo(0.0),.Cgso(0.0),.Cj(0.0),.Cjsw(0.0),.Fc(0.5),.Ffe(1.0),.Gamma(0.0),.Is(1e-14),.Js(0.0),.Kf(0.0),.Kp(2e-5),.L(0.8u),.Lambda(0.0),.Ld(0.0),.Mj(0.5),.Mjsw(0.33),.N(1.0),.Nrd(1),.Nrs(1),.Nss(0.0),.Nsub(0.0),.Pb(0.8),.Pd(0.0m),.Phi(0.6),.Ps(0.0m),.Rd(0.0),.Rg(0.0),.Rs(0.0),.Rsh(0.0),.Temp(26.85),.Tnom(26.85),.Tox(0.1u),.Tpg(1),.Tt(0.0p),.Type(nfet),.Uo(600.0),.Vt0(1.0),.W(120u)) T3 (.g(_net0),.d(_net1),.s(_net2),.b(_net3));
MOSFET #(.Ad(0.0),.Af(1.0),.As(0.0),.Cbd(0.0),.Cbs(0.0),.Cgbo(0.0),.Cgdo(0.0),.Cgso(0.0),.Cj(0.0),.Cjsw(0.0),.Fc(0.5),.Ffe(1.0),.Gamma(0.0),.Is(1e-14),.Js(0.0),.Kf(0.0),.Kp(2e-5),.L(0.8u),.Lambda(0.0),.Ld(0.0),.Mj(0.5),.Mjsw(0.33),.N(1.0),.Nrd(1),.Nrs(1),.Nss(0.0),.Nsub(0.0),.Pb(0.8),.Pd(0.0m),.Phi(0.6),.Ps(0.0m),.Rd(0.0),.Rg(0.0),.Rs(0.0),.Rsh(0.0),.Temp(26.85),.Tnom(26.85),.Tox(0.1u),.Tpg(1),.Tt(0.0p),.Type(nfet),.Uo(600.0),.Vt0(1.0),.W(120u)) T4 (.g(_net4),.d(_net5),.s(_net2),.b(_net3));
MOSFET #(.Ad(0.0),.Af(1.0),.As(0.0),.Cbd(0.0),.Cbs(0.0),.Cgbo(0.0),.Cgdo(0.0),.Cgso(0.0),.Cj(0.0),.Cjsw(0.0),.Fc(0.5),.Ffe(1.0),.Gamma(0.0),.Is(1e-14),.Js(0.0),.Kf(0.0),.Kp(2e-5),.L(5u),.Lambda(0.0),.Ld(0.0),.Mj(0.5),.Mjsw(0.33),.N(1.0),.Nrd(1),.Nrs(1),.Nss(0.0),.Nsub(0.0),.Pb(0.8),.Pd(0.0m),.Phi(0.6),.Ps(0.0m),.Rd(0.0),.Rg(0.0),.Rs(0.0),.Rsh(0.0),.Temp(26.85),.Tnom(26.85),.Tox(0.1u),.Tpg(1),.Tt(0.0p),.Type(nfet),.Uo(600.0),.Vt0(1.0),.W(15u)) T6 (.g(_net6),.d(_net6),.s(_net3),.b(_net3));
MOSFET #(.Ad(0.0),.Af(1.0),.As(0.0),.Cbd(0.0),.Cbs(0.0),.Cgbo(0.0),.Cgdo(0.0),.Cgso(0.0),.Cj(0.0),.Cjsw(0.0),.Fc(0.5),.Ffe(1.0),.Gamma(0.0),.Is(1e-14),.Js(0.0),.Kf(0.0),.Kp(2e-5),.L(5u),.Lambda(0.0),.Ld(0.0),.Mj(0.5),.Mjsw(0.33),.N(1.0),.Nrd(1),.Nrs(1),.Nss(0.0),.Nsub(0.0),.Pb(0.8),.Pd(0.0m),.Phi(0.6),.Ps(0.0m),.Rd(0.0),.Rg(0.0),.Rs(0.0),.Rsh(0.0),.Temp(26.85),.Tnom(26.85),.Tox(0.1u),.Tpg(1),.Tt(0.0p),.Type(nfet),.Uo(600.0),.Vt0(1.0),.W(15u)) T5 (.g(_net6),.d(_net2),.s(_net3),.b(_net3));
MOSFET #(.Ad(0.0),.Af(1.0),.As(0.0),.Cbd(0.0),.Cbs(0.0),.Cgbo(0.0),.Cgdo(0.0),.Cgso(0.0),.Cj(0.0),.Cjsw(0.0),.Fc(0.5),.Ffe(1.0),.Gamma(0.0),.Is(1e-14),.Js(0.0),.Kf(0.0),.Kp(2e-5),.L(5u),.Lambda(0.0),.Ld(0.0),.Mj(0.5),.Mjsw(0.33),.N(1.0),.Nrd(1),.Nrs(1),.Nss(0.0),.Nsub(0.0),.Pb(0.8),.Pd(0.0m),.Phi(0.6),.Ps(0.0m),.Rd(0.0),.Rg(0.0),.Rs(0.0),.Rsh(0.0),.Temp(26.85),.Tnom(26.85),.Tox(0.1u),.Tpg(1),.Tt(0.0p),.Type(nfet),.Uo(600.0),.Vt0(1.0),.W(60u)) T8 (.g(_net6),.d(_net7),.s(_net3),.b(_net3));
R #(.R(4k),.Tc1(0.0),.Tc2(0.0),.Temp(26.85),.Tnom(26.85)) R1 (.p(_net1),.n(_net8));
C #(.C(4p)) C1 (.p(_net8),.n(_net7));
MOSFET #(.Ad(0.0),.Af(1.0),.As(0.0),.Cbd(0.0),.Cbs(0.0),.Cgbo(0.0),.Cgdo(0.0),.Cgso(0.0),.Cj(0.0),.Cjsw(0.0),.Fc(0.5),.Ffe(1.0),.Gamma(0.0),.Is(1e-14),.Js(0.0),.Kf(0.0),.Kp(2e-5),.L(5u),.Lambda(0.0),.Ld(0.0),.Mj(0.5),.Mjsw(0.33),.N(1.0),.Nrd(1),.Nrs(1),.Nss(0.0),.Nsub(0.0),.Pb(0.8),.Pd(0.0m),.Phi(0.6),.Ps(0.0m),.Rd(0.0),.Rg(0.0),.Rs(0.0),.Rsh(0.0),.Temp(26.85),.Tnom(26.85),.Tox(0.1u),.Tpg(1),.Tt(0.0p),.Type(pfet),.Uo(600.0),.Vt0(-1.0),.W(200u)) T1 (.g(_net5),.d(_net5),.s(_net9),.b(_net9));
MOSFET #(.Ad(0.0),.Af(1.0),.As(0.0),.Cbd(0.0),.Cbs(0.0),.Cgbo(0.0),.Cgdo(0.0),.Cgso(0.0),.Cj(0.0),.Cjsw(0.0),.Fc(0.5),.Ffe(1.0),.Gamma(0.0),.Is(1e-14),.Js(0.0),.Kf(0.0),.Kp(2e-5),.L(5u),.Lambda(0.0),.Ld(0.0),.Mj(0.5),.Mjsw(0.33),.N(1.0),.Nrd(1),.Nrs(1),.Nss(0.0),.Nsub(0.0),.Pb(0.8),.Pd(0.0m),.Phi(0.6),.Ps(0.0m),.Rd(0.0),.Rg(0.0),.Rs(0.0),.Rsh(0.0),.Temp(26.85),.Tnom(26.85),.Tox(0.1u),.Tpg(1),.Tt(0.0p),.Type(pfet),.Uo(600.0),.Vt0(-1.0),.W(200u)) T2 (.g(_net5),.d(_net1),.s(_net9),.b(_net9));
MOSFET #(.Ad(0.0),.Af(1.0),.As(0.0),.Cbd(0.0),.Cbs(0.0),.Cgbo(0.0),.Cgdo(0.0),.Cgso(0.0),.Cj(0.0),.Cjsw(0.0),.Fc(0.5),.Ffe(1.0),.Gamma(0.0),.Is(1e-14),.Js(0.0),.Kf(0.0),.Kp(2e-5),.L(1.2u),.Lambda(0.0),.Ld(0.0),.Mj(0.5),.Mjsw(0.33),.N(1.0),.Nrd(1),.Nrs(1),.Nss(0.0),.Nsub(0.0),.Pb(0.8),.Pd(0.0m),.Phi(0.6),.Ps(0.0m),.Rd(0.0),.Rg(0.0),.Rs(0.0),.Rsh(0.0),.Temp(26.85),.Tnom(26.85),.Tox(0.1u),.Tpg(1),.Tt(0.0p),.Type(pfet),.Uo(600.0),.Vt0(-1.0),.W(80u)) T7 (.g(_net1),.d(_net7),.s(_net9),.b(_net9));
Idc #(.I(5u)) I1 (.1(_net6),.2(_net9));
endmodule // singleOPV

Vac #(.Phase(0),.Theta(0),.U(1u),.f(2k)) V4 (.1(Input),.2(0));
R #(.R(50k),.Tc1(0.0),.Tc2(0.0),.Temp(26.85),.Tnom(26.85)) R2 (.p(Output),.n(_net0));
R #(.R(100k),.Tc1(0.0),.Tc2(0.0),.Temp(26.85),.Tnom(26.85)) R1 (.p(0),.n(Output));
Vdc #(.U(2.5)) V3 (.p(_net1),.n(0));
Vdc #(.U(-2.5)) V6 (.p(_net2),.n(0));
singleOPV #(.Type(singleOPV)) OPV1 (._net4(_net0),._net0(Input),._net9(_net1),._net3(_net2),._net7(Output));
R #(.R(1.7k),.Tc1(0.0),.Tc2(0.0),.Temp(26.85),.Tnom(26.85)) R3 (.p(_net0),.n(0));
endmodule // main

