
Idc #(.I(8m)) I1 (.1(0),.2(_net1));
R #(.R(200)) R5 (.p(0),.n(_net1));
