
module main ();
//# Qucs 0.0.18  /Users/guilherme/git/qucs-test/testsuite/SP_mscoupler_prj/mscoupler.sch 
Pac #(.Num(1),.P(1),.Temp(26.85),.Z(50),.f(1G)) P1 (.1(_net0),.2(0));
Pac #(.Num(2),.P(1),.Temp(26.85),.Z(50),.f(1G)) P2 (.1(_net1),.2(0));
Pac #(.Num(3),.P(1),.Temp(26.85),.Z(50),.f(1G)) P3 (.1(_net2),.2(0));
Pac #(.Num(4),.P(1),.Temp(26.85),.Z(50),.f(1G)) P4 (.1(_net3),.2(0));
paramset SubstTC1 SUBST;\
 .er=9.8; .h=0.635m; .t=17.5u; .tand=0.0001; .rho=2.43902e-08; .D=1.5e-07; .tnom=tnom;\
endparmset

MCOUPLED #(.DispModel(Kirschning),.L(14.94m),.Model(Kirschning),.S(0.185m),.Subst(SubstTC1),.Temp(26.85),.W(0.518m)) MSTC1 (.p0(_net0),.p1(_net1),.p2(_net2),.p3(_net3));
endmodule // main

