T: already installed, replacing
stashing as T:0
tline: already installed, replacing
stashing as tline:0
#          
 0.        
#Freq       nv(m.n1)   nv(m.n2)  
 1.Meg      1.4142     1.u       
 1.4142Meg  1.4142     707.11n   
 2.Meg      1.4142     500.n     

