
IProbe #() Pr1 (.p(_net0),.n(_net1));
VProbe #() Pr2 (.p(_net2),.n(_net0));
R #(.R(50),.Tc1(0.0),.Tc2(0.0),.Temp(26.85),.Tnom(26.85)) R1 (.p(_net2),.n(_net0));
R #(.R(1),.Tc1(0.0),.Tc2(0.0),.Temp(26.85),.Tnom(26.85)) R2 (.p(_net2),.n(_net1));
Pac #(.Num(1),.P(1),.Temp(26.85),.Z(1),.f(1)) P1 (.1(_net0),.2(_net2));
