
R #(.R(50),.Tc1(0.0),.Tc2(0.0),.Temp(26.85),.Tnom(26.85)) R1 (.p(_net0),.n(_net1));
VProbe #() Pr1 (.p(_net0),.n(0));
Vdc #(.U(1)) V1 (.p(_net0),.n(0));
R #(.R(100)) R2 (.p(_net1),.n(0));
