<Qucs Dataset>
default plugins: ignored
clear: already installed, replacing
stashing as clear:0
;: already installed, replacing
stashing as ;:0
*: already installed, replacing
stashing as *:0
': already installed, replacing
stashing as ':0
": already installed, replacing
stashing as ":0
T: already installed, replacing
stashing as T:0
tline: already installed, replacing
stashing as tline:0
C:C1 gnd OUT C="680 pF" V="" 
                        ^ ? C1: V has no value?
parameter Z_Diodes_1N4728A not specified, using default
parameter Z_Diodes_1N4728A value is "NOT_INPUT"
parameter Z_Diodes_1N4728A not specified, using default
parameter Z_Diodes_1N4728A value is "NOT_INPUT"
parameter Z_Diodes_1N4728A not specified, using default
parameter Z_Diodes_1N4728A value is "NOT_INPUT"
parameter Z_Diodes_1N4728A not specified, using default
parameter Z_Diodes_1N4728A value is "NOT_INPUT"
parameter Z_Diodes_1N4728A not specified, using default
parameter Z_Diodes_1N4728A value is "NOT_INPUT"
parameter Z_Diodes_1N4728A not specified, using default
parameter Z_Diodes_1N4728A value is "NOT_INPUT"
parameter Z_Diodes_1N4728A not specified, using default
parameter Z_Diodes_1N4728A value is "NOT_INPUT"
parameter Z_Diodes_1N4728A not specified, using default
parameter Z_Diodes_1N4728A value is "NOT_INPUT"
open circuit: internal node 6
open circuit: internal node 9
open circuit: internal node 9
open circuit: internal node 6
open circuit: internal node 6
open circuit: internal node 9
open circuit: internal node 6
open circuit: internal node 9
open circuit: internal node 9
open circuit: internal node 6
open circuit: internal node 6
open circuit: internal node 6
open circuit: internal node 9
open circuit: internal node 6
open circuit: internal node 6
open circuit: internal node 6
open circuit: internal node 6
open circuit: internal node 6
open circuit: internal node 6
open circuit: internal node 6
open circuit: internal node 6
open circuit: internal node 6
open circuit: internal node 9
open circuit: internal node 6