<Qucs Dataset>
default plugins: ignored
;: already installed, replacing
stashing as ;:0
*: already installed, replacing
stashing as *:0
': already installed, replacing
stashing as ':0
": already installed, replacing
stashing as ":0
store: already installed, replacing
stashing as store:0
alarm: already installed, replacing
stashing as alarm:0
iplot: already installed, replacing
stashing as iplot:0
plot: already installed, replacing
stashing as plot:0
iprint: already installed, replacing
stashing as iprint:0
print: already installed, replacing
stashing as print:0
probe: already installed, replacing
stashing as probe:0
L: already installed, replacing
stashing as L:0
R: already installed, replacing
stashing as R:1
parameter TESTSUB not specified, using default
parameter TESTSUB value is "NOT_INPUT"
parameter TESTSUB not specified, using default
parameter TESTSUB value is "NOT_INPUT"
parameter TESTSUB not specified, using default
parameter TESTSUB value is "NOT_INPUT"
parameter TESTSUB not specified, using default
parameter TESTSUB value is "NOT_INPUT"
parameter TESTSUB not specified, using default
parameter TESTSUB value is "NOT_INPUT"
parameter TESTSUB not specified, using default
parameter TESTSUB value is "NOT_INPUT"
parameter TESTSUB not specified, using default
parameter TESTSUB value is "NOT_INPUT"
parameter TESTSUB not specified, using default
parameter TESTSUB value is "NOT_INPUT"
parameter TESTSUB not specified, using default
parameter TESTSUB value is "NOT_INPUT"
parameter TESTSUB not specified, using default
parameter TESTSUB value is "NOT_INPUT"
parameter TESTSUB not specified, using default
parameter TESTSUB value is "NOT_INPUT"
parameter TESTSUB not specified, using default
parameter TESTSUB value is "NOT_INPUT"
Gnucap   System status
iterations: op=2, dc=2, tran=0, fourier=0, total=4
transient timesteps: accepted=0, rejected=0, total=0
transient timesteps: accepted=0, rejected=0, total=0
nodes: user=1, subckt=0, model=0, total=1
dctran density=100.0%, ac density=100.0%

<indep _net1.V 1>
 10.
</indep>
