
module main ();
//# Qucs 
Pac #(.Num(1),.P(1),.Temp(26.85),.Z(50),.f(1G)) P2 (.1(_net0),.2(0));
TLIN #(.Alpha(0),.L(100m),.Temp(26.85),.Z(50)) Line1 (.a(_net0),.b(_net1));
TLIN #(.Alpha(0),.L(100m),.Temp(26.85),.Z(50)) Line2 (.a(_net1),.b(_net2));
R #(.R(100)) R1 (.p(0),.n(_net2));
R #(.R(100)) R2 (.p(0),.n(_net1));
endmodule // main

