
module main ();
//# Qucs 0.0.19  /home/felix/extern/gnucap-plugins/tests/simple.sch 
VProbe #() Pr1 (.p(_net1),.n(0));
Vrect #(.U(1),.Td(0n),.Tr(1n),.Tf(1n),.TH(1m),.TL(1m)) V1 (.p(_net1),.n(0));
endmodule // main

